// Jest Snapshot v1, https://goo.gl/fbAQLP

exports[`renders ContactForm unchanged 1`] = `
<div>
  <form
    class=""
  >
    <div
      class="grid gap-3 false"
    >
      <div
        class="relative order-1"
      >
        <input
          class="input-field border-gray"
          name="name"
          placeholder="Prénom NOM"
          tabindex="1"
          type="text"
        />
      </div>
      <div
        class="md:row-span-3 order-10 false relative"
      >
        <textarea
          class="input-field min-h-[200px] h-full border-gray"
          name="content"
          placeholder="Laissez-moi un petit message"
          tabindex="4"
        />
      </div>
      <div
        class="relative order-3"
      >
        <input
          class="input-field border-gray"
          name="email"
          placeholder="Votre adresse e-mail"
          tabindex="2"
          type="email"
        />
      </div>
      <div
        class="relative order-4"
      >
        <input
          class="input-field border-gray"
          name="phone"
          placeholder="Numéro de téléphone"
          tabindex="3"
          type="tel"
        />
      </div>
    </div>
    <div
      class="mt-3 flex flex-col md:flex-row items-center justify-center md:justify-end"
    >
      <button
        class="button relative button py-3 px-4 w-full md:w-auto"
        type="submit"
      >
        Envoyer mon message
      </button>
    </div>
  </form>
</div>
`;
