// Jest Snapshot v1, https://goo.gl/fbAQLP

exports[`renders Keypoints unchanged 1`] = `
<div>
  <div
    class="relative"
  >
    <div
      class="relative"
    >
      <svg
        class="h-10 sm:h-20 lg:h-auto w-full block -scale-x-100 -scale-y-100"
        height="361"
        preserveAspectRatio="xMidYMax slice"
        viewBox="0 0 1920 361"
        xmlns="http://www.w3.org/2000/svg"
      >
        <path
          class="fill-gray-dark"
          d="M1349 234L1920 0v361H0z"
          fill="#000"
        />
        <path
          class="fill-orange"
          d="M1445 197.5L1920 4v249z"
          fill="#BE4C4C"
        />
      </svg>
    </div>
    <div
      class="container grid grid-cols-2 md:grid-cols-4 gap-y-4 py-4"
    >
      <div
        class="text-center text-white flex items-center flex-col"
      >
        <div
          class="w-10 md:w-15 h-10 md:h-15 border-2 border-white rounded-full flex items-center justify-center"
        >
          <svg
            class="h-3 md:h-5"
            height="24"
            viewBox="0 0 512 512"
            xmlns="http://www.w3.org/2000/svg"
          >
            <path
              d="M127.1 146.5c1.3 7.7 8 13.5 16 13.5h16.5c9.8 0 17.6-8.5 16.3-18-3.8-28.2-16.4-54.2-36.6-74.7-14.4-14.7-23.6-33.3-26.4-53.5C111.8 5.9 105 0 96.8 0H80.4C70.6 0 63 8.5 64.1 18c3.9 31.9 18 61.3 40.6 84.4 12 12.2 19.7 27.5 22.4 44.1zm112 0c1.3 7.7 8 13.5 16 13.5h16.5c9.8 0 17.6-8.5 16.3-18-3.8-28.2-16.4-54.2-36.6-74.7-14.4-14.7-23.6-33.3-26.4-53.5C223.8 5.9 217 0 208.8 0h-16.4c-9.8 0-17.5 8.5-16.3 18 3.9 31.9 18 61.3 40.6 84.4 12 12.2 19.7 27.5 22.4 44.1zM400 192H32c-17.7 0-32 14.3-32 32v192c0 53 43 96 96 96h192c53 0 96-43 96-96h16c61.8 0 112-50.2 112-112s-50.2-112-112-112zm0 160h-16v-96h16c26.5 0 48 21.5 48 48s-21.5 48-48 48z"
              fill="currentColor"
            />
          </svg>
        </div>
        <div
          class="font-medium text-2xl mt-2"
        >
          2356
        </div>
        <div
          class="leading-5"
        >
          tasses à café
        </div>
      </div>
      <div
        class="text-center text-white flex items-center flex-col"
      >
        <div
          class="w-10 md:w-15 h-10 md:h-15 border-2 border-white rounded-full flex items-center justify-center"
        >
          <svg
            class="h-3 md:h-5"
            height="25"
            viewBox="0 0 512 512"
            xmlns="http://www.w3.org/2000/svg"
          >
            <path
              d="M104 224H24c-13.255 0-24 10.745-24 24v240c0 13.255 10.745 24 24 24h80c13.255 0 24-10.745 24-24V248c0-13.255-10.745-24-24-24zM64 472c-13.255 0-24-10.745-24-24s10.745-24 24-24 24 10.745 24 24-10.745 24-24 24zM384 81.452c0 42.416-25.97 66.208-33.277 94.548h101.723c33.397 0 59.397 27.746 59.553 58.098.084 17.938-7.546 37.249-19.439 49.197l-.11.11c9.836 23.337 8.237 56.037-9.308 79.469 8.681 25.895-.069 57.704-16.382 74.757 4.298 17.598 2.244 32.575-6.148 44.632C440.202 511.587 389.616 512 346.839 512l-2.845-.001c-48.287-.017-87.806-17.598-119.56-31.725-15.957-7.099-36.821-15.887-52.651-16.178-6.54-.12-11.783-5.457-11.783-11.998v-213.77c0-3.2 1.282-6.271 3.558-8.521 39.614-39.144 56.648-80.587 89.117-113.111 14.804-14.832 20.188-37.236 25.393-58.902C282.515 39.293 291.817 0 312 0c24 0 72 8 72 81.452z"
              fill="currentColor"
            />
          </svg>
        </div>
        <div
          class="font-medium text-2xl mt-2"
        >
          352
        </div>
        <div
          class="leading-5"
        >
          projets
        </div>
      </div>
      <div
        class="text-center text-white flex items-center flex-col"
      >
        <div
          class="w-10 md:w-15 h-10 md:h-15 border-2 border-white rounded-full flex items-center justify-center"
        >
          <svg
            class="h-3 md:h-5"
            viewBox="0 0 576 512"
            xmlns="http://www.w3.org/2000/svg"
          >
            <path
              d="M552 64H448V24c0-13.3-10.7-24-24-24H152c-13.3 0-24 10.7-24 24v40H24C10.7 64 0 74.7 0 88v56c0 66.5 77.9 131.7 171.9 142.4C203.3 338.5 240 360 240 360v72h-48c-35.3 0-64 20.7-64 56v12c0 6.6 5.4 12 12 12h296c6.6 0 12-5.4 12-12v-12c0-35.3-28.7-56-64-56h-48v-72s36.7-21.5 68.1-73.6C498.4 275.6 576 210.3 576 144V88c0-13.3-10.7-24-24-24zM64 144v-16h64.2c1 32.6 5.8 61.2 12.8 86.2-47.5-16.4-77-49.9-77-70.2zm448 0c0 20.2-29.4 53.8-77 70.2 7-25 11.8-53.6 12.8-86.2H512v16zm-127.3 4.7-39.6 38.6 9.4 54.6c1.7 9.8-8.7 17.2-17.4 12.6l-49-25.8-49 25.8c-8.8 4.6-19.1-2.9-17.4-12.6l9.4-54.6-39.6-38.6c-7.1-6.9-3.2-19 6.7-20.5l54.8-8 24.5-49.6c4.4-8.9 17.1-8.9 21.5 0l24.5 49.6 54.8 8c9.6 1.5 13.5 13.6 6.4 20.5z"
              fill="currentColor"
            />
          </svg>
        </div>
        <div
          class="font-medium text-2xl mt-2"
        >
          15 années
        </div>
        <div
          class="leading-5"
        >
          d'expérience
        </div>
      </div>
      <div
        class="text-center text-white flex items-center flex-col"
      >
        <div
          class="w-10 md:w-15 h-10 md:h-15 border-2 border-white rounded-full flex items-center justify-center"
        >
          <svg
            class="h-3 md:h-5"
            height="24"
            viewBox="0 0 576 512"
            xmlns="http://www.w3.org/2000/svg"
          >
            <path
              d="M546.2 9.7c-5.6-12.5-21.6-13-28.3-1.2C486.9 62.4 431.4 96 368 96h-80C182 96 96 182 96 288c0 19.2 2.9 37.7 8.1 55.1C31.6 399.5 4.3 463.2 2.4 468c-6.6 16.3 1.2 34.9 17.5 41.6 16.4 6.8 35-1.1 41.8-17.3 1.5-3.6 20.9-47.9 71.9-90.6 32.4 43.9 94 85.8 174.9 77.2C465.5 467.5 576 326.7 576 154.3c0-50.2-10.8-102.2-29.8-144.6zM430.6 294.4 345.9 380c-5.5 5.5-14.3 5.5-19.8 0l-84.7-85.6c-24.6-24.9-23.2-66.1 4.3-89.1 24-20 59.6-16.4 81.6 5.8l8.6 8.7 8.6-8.7c22-22.2 57.7-25.8 81.6-5.8 27.6 22.9 29.1 64.2 4.5 89.1z"
              fill="currentColor"
            />
          </svg>
        </div>
        <div
          class="font-medium text-2xl mt-2"
        >
          150+
        </div>
        <div
          class="leading-5"
        >
          idées à développer
        </div>
      </div>
    </div>
    <div
      class="relative"
    >
      <svg
        class="h-10 sm:h-20 lg:h-auto w-full block"
        height="361"
        preserveAspectRatio="xMidYMax slice"
        viewBox="0 0 1920 361"
        xmlns="http://www.w3.org/2000/svg"
      >
        <path
          class="fill-gray-darker"
          d="M1349 234L1920 0v361H0z"
          fill="#000"
        />
        <path
          class="fill-orange"
          d="M1445 197.5L1920 4v249z"
          fill="#BE4C4C"
        />
      </svg>
    </div>
  </div>
</div>
`;
