// Jest Snapshot v1, https://goo.gl/fbAQLP

exports[`renders NoScrollLink unchanged 1`] = `
<div>
  <a
    href="/"
  >
    Hello
  </a>
</div>
`;
